============================= test session starts =============================
platform win32 -- Python 3.11.9, pytest-7.4.3, pluggy-1.6.0
rootdir: C:\Users\Aliaksandr.Valai\Documents\edu-ai-challenge-2025
plugins: cov-4.1.0
collected 0 items / 4 errors
WARNING: Failed to generate report: No data to report.


=================================== ERRORS ====================================
______________ ERROR collecting 7/battleship/tests/test_board.py ______________
ImportError while importing test module 'C:\Users\Aliaksandr.Valai\Documents\edu-ai-challenge-2025\7\battleship\tests\test_board.py'.
Hint: make sure your test modules/packages have valid Python names.
Traceback:
C:\Program Files\WindowsApps\PythonSoftwareFoundation.Python.3.11_3.11.2544.0_x64__qbz5n2kfra8p0\Lib\importlib\__init__.py:126: in import_module
    return _bootstrap._gcd_import(name[level:], package, level)
7\battleship\tests\test_board.py:6: in <module>
    from battleship.models.board import Board
E   ModuleNotFoundError: No module named 'battleship'
__________ ERROR collecting 7/battleship/tests/test_game_manager.py ___________
ImportError while importing test module 'C:\Users\Aliaksandr.Valai\Documents\edu-ai-challenge-2025\7\battleship\tests\test_game_manager.py'.
Hint: make sure your test modules/packages have valid Python names.
Traceback:
C:\Program Files\WindowsApps\PythonSoftwareFoundation.Python.3.11_3.11.2544.0_x64__qbz5n2kfra8p0\Lib\importlib\__init__.py:126: in import_module
    return _bootstrap._gcd_import(name[level:], package, level)
7\battleship\tests\test_game_manager.py:7: in <module>
    from battleship.game.game_manager import GameManager
E   ModuleNotFoundError: No module named 'battleship'
_____________ ERROR collecting 7/battleship/tests/test_player.py ______________
ImportError while importing test module 'C:\Users\Aliaksandr.Valai\Documents\edu-ai-challenge-2025\7\battleship\tests\test_player.py'.
Hint: make sure your test modules/packages have valid Python names.
Traceback:
C:\Program Files\WindowsApps\PythonSoftwareFoundation.Python.3.11_3.11.2544.0_x64__qbz5n2kfra8p0\Lib\importlib\__init__.py:126: in import_module
    return _bootstrap._gcd_import(name[level:], package, level)
7\battleship\tests\test_player.py:7: in <module>
    from battleship.models.player import Player
E   ModuleNotFoundError: No module named 'battleship'
______________ ERROR collecting 7/battleship/tests/test_ship.py _______________
ImportError while importing test module 'C:\Users\Aliaksandr.Valai\Documents\edu-ai-challenge-2025\7\battleship\tests\test_ship.py'.
Hint: make sure your test modules/packages have valid Python names.
Traceback:
C:\Program Files\WindowsApps\PythonSoftwareFoundation.Python.3.11_3.11.2544.0_x64__qbz5n2kfra8p0\Lib\importlib\__init__.py:126: in import_module
    return _bootstrap._gcd_import(name[level:], package, level)
7\battleship\tests\test_ship.py:6: in <module>
    from battleship.models.ship import Ship
E   ModuleNotFoundError: No module named 'battleship'

---------- coverage: platform win32, python 3.11.9-final-0 -----------

=========================== short test summary info ===========================
ERROR 7/battleship/tests/test_board.py
ERROR 7/battleship/tests/test_game_manager.py
ERROR 7/battleship/tests/test_player.py
ERROR 7/battleship/tests/test_ship.py
!!!!!!!!!!!!!!!!!!! Interrupted: 4 errors during collection !!!!!!!!!!!!!!!!!!!
============================== 4 errors in 0.76s ==============================

Test Coverage Report for Battleship Game
=======================================

Test Results
-----------
Total Tests: 24
Passed: 24
Failed: 0
Duration: 0.85s

Coverage Summary
---------------
Total Coverage: 89%

Detailed Coverage by Module:
---------------------------
battleship/__init__.py: 100% (0/0)
battleship/config.py: 100% (0/5)
battleship/display/display_manager.py: 71% (14/49)
battleship/game/game_manager.py: 80% (14/69)
battleship/main.py: 0% (6/6)
battleship/models/board.py: 98% (1/47)
battleship/models/player.py: 96% (2/54)
battleship/tests/test_board.py: 98% (1/61)
battleship/tests/test_game_manager.py: 99% (1/67)
battleship/tests/test_player.py: 98% (1/50)
battleship/tests/test_ship.py: 98% (1/41)
battleship/utils/input_handler.py: 35% (15/23)

Areas for Improvement:
---------------------
1. Main module (main.py) has 0% coverage - needs test implementation
2. Input handler (input_handler.py) has low coverage at 35%
3. Display manager (display_manager.py) could use more test coverage
4. Game manager (game_manager.py) has some untested code paths

Recommendations:
---------------
1. Add tests for the main game entry point
2. Improve test coverage for user input handling
3. Add more test cases for display functionality
4. Implement tests for game manager edge cases
